// Jest Snapshot v1, https://goo.gl/fbAQLP

exports[`Search Box should render snapshot 1`] = `
<DocumentFragment>
  <div>
    <div
      class="MuiBox-root MuiBox-root-3"
      data-testid="search-section"
    >
      <div
        class="MuiFormControl-root MuiTextField-root makeStyles-customStyle-2"
      >
        <div
          class="MuiInputBase-root MuiOutlinedInput-root MuiInputBase-formControl"
        >
          <input
            aria-invalid="false"
            class="MuiInputBase-input MuiOutlinedInput-input"
            data-testid="climate-filter"
            placeholder="Enter climate to filter planets"
            type="text"
            value=""
          />
          <fieldset
            aria-hidden="true"
            class="PrivateNotchedOutline-root-4 MuiOutlinedInput-notchedOutline"
            style="padding-left: 8px;"
          >
            <legend
              class="PrivateNotchedOutline-legend-5"
              style="width: 0.01px;"
            >
              <span>
                â€‹
              </span>
            </legend>
          </fieldset>
        </div>
      </div>
      <button
        class="MuiButtonBase-root MuiButton-root MuiButton-contained makeStyles-alignCenter-1"
        data-testid="searchBtn"
        tabindex="0"
        type="button"
      >
        <span
          class="MuiButton-label"
        >
          Search
        </span>
        <span
          class="MuiTouchRipple-root"
        />
      </button>
    </div>
  </div>
</DocumentFragment>
`;
