// Jest Snapshot v1, https://goo.gl/fbAQLP

exports[`Search Box should render snapshot 1`] = `
<DocumentFragment>
  <h3
    data-testid="search-update"
  >
    no planet with climate 
  </h3>
</DocumentFragment>
`;
